       189      13672 a.out
        49        494 requirements
       320      13824 ../Project1/a.out
       558      27990 total
