        13      13672 a.out
        16        494 requirements
        29      14166 total
